setTable was private 
load 
click inside Takes No argument
Error in releasing year format setting

